// Jest Snapshot v1, https://goo.gl/fbAQLP

exports[`checkBookPackage() rut should pass 1`] = `
Object {
  "checkedFilenames": Array [
    "08-RUT.usfm",
    "08-RUT.usfm",
    "08-RUT.usfm",
    "en_tn_08-RUT.tsv",
  ],
  "checkedRepoNames": Array [
    "UHB",
    "ULT",
    "UST",
    "TN",
  ],
  "noticeList": Array [
    Object {
      "C": "front",
      "V": "intro",
      "bookID": "rut",
      "extra": "TN",
      "extract": "[[rc://en/tw/dict/bible/kt/faithful]]",
      "fieldName": "OccurrenceNote",
      "filename": "en_tn_08-RUT.tsv",
      "lineNumber": 2,
      "location": " in en rut book package from unfoldingWord master branch bible/kt/faithful.md: Could not find __tests__/fixtures/unfoldingWord/en_tw/bible/kt/faithful.md",
      "message": "Error loading OccurrenceNote TW link",
      "priority": 882,
      "rowID": "f68r",
    },
    Object {
      "C": "front",
      "V": "intro",
      "bookID": "rut",
      "extra": "TN",
      "extract": "[[rc://en/tw/dict/bible/kt/faithful]]",
      "fieldName": "OccurrenceNote",
      "filename": "en_tn_08-RUT.tsv",
      "lineNumber": 2,
      "location": " in en rut book package from unfoldingWord master branch bible/kt/faithful.md",
      "message": "Unable to find OccurrenceNote TW link",
      "priority": 883,
      "rowID": "f68r",
    },
    Object {
      "C": "front",
      "V": "intro",
      "bookID": "rut",
      "extra": "TN",
      "extract": "[[rc://en/tw/dict/bible/kt/covenantfaith]]",
      "fieldName": "OccurrenceNote",
      "filename": "en_tn_08-RUT.tsv",
      "lineNumber": 2,
      "location": " in en rut book package from unfoldingWord master branch bible/kt/covenantfaith.md: Could not find __tests__/fixtures/unfoldingWord/en_tw/bible/kt/covenantfaith.md",
      "message": "Error loading OccurrenceNote TW link",
      "priority": 882,
      "rowID": "f68r",
    },
    Object {
      "C": "front",
      "V": "intro",
      "bookID": "rut",
      "extra": "TN",
      "extract": "[[rc://en/tw/dict/bible/kt/covenantfaith]]",
      "fieldName": "OccurrenceNote",
      "filename": "en_tn_08-RUT.tsv",
      "lineNumber": 2,
      "location": " in en rut book package from unfoldingWord master branch bible/kt/covenantfaith.md",
      "message": "Unable to find OccurrenceNote TW link",
      "priority": 883,
      "rowID": "f68r",
    },
    Object {
      "C": "1",
      "V": "intro",
      "bookID": "rut",
      "extra": "TN",
      "extract": "[[rc://en/tw/dict/bible/kt/faith]]",
      "fieldName": "OccurrenceNote",
      "filename": "en_tn_08-RUT.tsv",
      "lineNumber": 3,
      "location": " in en rut book package from unfoldingWord master branch bible/kt/faith.md: Could not find __tests__/fixtures/unfoldingWord/en_tw/bible/kt/faith.md",
      "message": "Error loading OccurrenceNote TW link",
      "priority": 882,
      "rowID": "irf4",
    },
    Object {
      "C": "1",
      "V": "intro",
      "bookID": "rut",
      "extra": "TN",
      "extract": "[[rc://en/tw/dict/bible/kt/faith]]",
      "fieldName": "OccurrenceNote",
      "filename": "en_tn_08-RUT.tsv",
      "lineNumber": 3,
      "location": " in en rut book package from unfoldingWord master branch bible/kt/faith.md",
      "message": "Unable to find OccurrenceNote TW link",
      "priority": 883,
      "rowID": "irf4",
    },
    Object {
      "C": "1",
      "V": "intro",
      "bookID": "rut",
      "extra": "TN",
      "extract": "[[rc://en/tw/dict/bible/kt/trust]]",
      "fieldName": "OccurrenceNote",
      "filename": "en_tn_08-RUT.tsv",
      "lineNumber": 3,
      "location": " in en rut book package from unfoldingWord master branch bible/kt/trust.md: Could not find __tests__/fixtures/unfoldingWord/en_tw/bible/kt/trust.md",
      "message": "Error loading OccurrenceNote TW link",
      "priority": 882,
      "rowID": "irf4",
    },
    Object {
      "C": "1",
      "V": "intro",
      "bookID": "rut",
      "extra": "TN",
      "extract": "[[rc://en/tw/dict/bible/kt/trust]]",
      "fieldName": "OccurrenceNote",
      "filename": "en_tn_08-RUT.tsv",
      "lineNumber": 3,
      "location": " in en rut book package from unfoldingWord master branch bible/kt/trust.md",
      "message": "Unable to find OccurrenceNote TW link",
      "priority": 883,
      "rowID": "irf4",
    },
    Object {
      "C": "2",
      "V": "intro",
      "bookID": "rut",
      "extra": "TN",
      "extract": "[[rc://en/tw/dict/bible/kt/grace]]",
      "fieldName": "OccurrenceNote",
      "filename": "en_tn_08-RUT.tsv",
      "lineNumber": 68,
      "location": " in en rut book package from unfoldingWord master branch bible/kt/grace.md: Could not find __tests__/fixtures/unfoldingWord/en_tw/bible/kt/grace.md",
      "message": "Error loading OccurrenceNote TW link",
      "priority": 882,
      "rowID": "ld2v",
    },
    Object {
      "C": "2",
      "V": "intro",
      "bookID": "rut",
      "extra": "TN",
      "extract": "[[rc://en/tw/dict/bible/kt/grace]]",
      "fieldName": "OccurrenceNote",
      "filename": "en_tn_08-RUT.tsv",
      "lineNumber": 68,
      "location": " in en rut book package from unfoldingWord master branch bible/kt/grace.md",
      "message": "Unable to find OccurrenceNote TW link",
      "priority": 883,
      "rowID": "ld2v",
    },
    Object {
      "C": "2",
      "V": "intro",
      "bookID": "rut",
      "extra": "TN",
      "extract": "[[rc://en/tw/dict/bible/kt/lawofmoses]]",
      "fieldName": "OccurrenceNote",
      "filename": "en_tn_08-RUT.tsv",
      "lineNumber": 68,
      "location": " in en rut book package from unfoldingWord master branch bible/kt/lawofmoses.md: Could not find __tests__/fixtures/unfoldingWord/en_tw/bible/kt/lawofmoses.md",
      "message": "Error loading OccurrenceNote TW link",
      "priority": 882,
      "rowID": "ld2v",
    },
    Object {
      "C": "2",
      "V": "intro",
      "bookID": "rut",
      "extra": "TN",
      "extract": "[[rc://en/tw/dict/bible/kt/lawofmoses]]",
      "fieldName": "OccurrenceNote",
      "filename": "en_tn_08-RUT.tsv",
      "lineNumber": 68,
      "location": " in en rut book package from unfoldingWord master branch bible/kt/lawofmoses.md",
      "message": "Unable to find OccurrenceNote TW link",
      "priority": 883,
      "rowID": "ld2v",
    },
    Object {
      "C": "2",
      "V": "9",
      "bookID": "rut",
      "characterIndex": 52,
      "extra": "TN",
      "extract": "…ality - th…",
      "fieldName": "OccurrenceNote",
      "filename": "en_tn_08-RUT.tsv",
      "lineNumber": 92,
      "location": " in en rut book package from unfoldingWord master branch",
      "message": "Unexpected - character after space",
      "priority": 191,
      "rowID": "xc6u",
    },
    Object {
      "C": "4",
      "V": "14",
      "bookID": "rut",
      "characterIndex": 155,
      "extra": "TN",
      "extract": "…” or “ we …",
      "fieldName": "OccurrenceNote",
      "filename": "en_tn_08-RUT.tsv",
      "lineNumber": 255,
      "location": " in en rut book package from unfoldingWord master branch",
      "message": "Unexpected space after “ character",
      "priority": 192,
      "rowID": "ab47",
    },
  ],
  "successList": Array [
    "Checked UHB file: 08-RUT.usfm",
    "Checked ULT file: 08-RUT.usfm",
    "Checked UST file: 08-RUT.usfm",
    "Checked TN file: en_tn_08-RUT.tsv",
  ],
}
`;

exports[`checkBookPackage() tit should pass 1`] = `
Object {
  "checkedFilenames": Array [
    "57-TIT.usfm",
    "57-TIT.usfm",
    "57-TIT.usfm",
    "en_tn_57-TIT.tsv",
  ],
  "checkedRepoNames": Array [
    "UGNT",
    "ULT",
    "UST",
    "TN",
  ],
  "noticeList": Array [],
  "successList": Array [
    "Checked UGNT file: 57-TIT.usfm",
    "Checked ULT file: 57-TIT.usfm",
    "Checked UST file: 57-TIT.usfm",
    "Checked TN file: en_tn_57-TIT.tsv",
  ],
}
`;
